// Jest Snapshot v1, https://goo.gl/fbAQLP

exports[`<GameRound /> renders without crashing 1`] = `
ShallowWrapper {
  "length": 1,
  Symbol(enzyme.__root__): [Circular],
  Symbol(enzyme.__unrendered__): <GameRound
    navigation={
      Object {
        "dispatch": [MockFunction],
      }
    }
    numberOfPlayers={3}
    startingLifeTotal={40}
  />,
  Symbol(enzyme.__renderer__): Object {
    "batchedUpdates": [Function],
    "getNode": [Function],
    "render": [Function],
    "simulateEvent": [Function],
    "unmount": [Function],
  },
  Symbol(enzyme.__node__): Object {
    "instance": null,
    "key": "round1",
    "nodeType": "class",
    "props": Object {
      "children": Array [
        <View
          style={
            Object {
              "width": "50%",
            }
          }
        >
          <Player
            onGameOver={[Function]}
            player={
              Object {
                "color": "#57719e",
                "id": 0,
                "isGameOver": false,
                "life": 40,
                "name": "Player 1",
              }
            }
            size="small"
          />
          <Player
            onGameOver={[Function]}
            player={
              Object {
                "color": "#d83f2d",
                "id": 1,
                "isGameOver": false,
                "life": 40,
                "name": "Player 2",
              }
            }
            size="small"
          />
        </View>,
        <View
          style={
            Object {
              "width": "50%",
            }
          }
        >
          <Player
            onGameOver={[Function]}
            player={
              Object {
                "color": "#95b54c",
                "id": 2,
                "isGameOver": false,
                "life": 40,
                "name": "Player 3",
              }
            }
            size="small"
          />
        </View>,
      ],
      "style": Object {
        "backgroundColor": "#161616",
        "flex": 1,
        "flexDirection": "row",
      },
    },
    "ref": null,
    "rendered": Array [
      Object {
        "instance": null,
        "key": "playerColumnLeft",
        "nodeType": "class",
        "props": Object {
          "children": Array [
            <Player
              onGameOver={[Function]}
              player={
                Object {
                  "color": "#57719e",
                  "id": 0,
                  "isGameOver": false,
                  "life": 40,
                  "name": "Player 1",
                }
              }
              size="small"
            />,
            <Player
              onGameOver={[Function]}
              player={
                Object {
                  "color": "#d83f2d",
                  "id": 1,
                  "isGameOver": false,
                  "life": 40,
                  "name": "Player 2",
                }
              }
              size="small"
            />,
          ],
          "style": Object {
            "width": "50%",
          },
        },
        "ref": null,
        "rendered": Array [
          Object {
            "instance": null,
            "key": "player0",
            "nodeType": "class",
            "props": Object {
              "onGameOver": [Function],
              "player": Object {
                "color": "#57719e",
                "id": 0,
                "isGameOver": false,
                "life": 40,
                "name": "Player 1",
              },
              "size": "small",
            },
            "ref": null,
            "rendered": null,
            "type": [Function],
          },
          Object {
            "instance": null,
            "key": "player1",
            "nodeType": "class",
            "props": Object {
              "onGameOver": [Function],
              "player": Object {
                "color": "#d83f2d",
                "id": 1,
                "isGameOver": false,
                "life": 40,
                "name": "Player 2",
              },
              "size": "small",
            },
            "ref": null,
            "rendered": null,
            "type": [Function],
          },
        ],
        "type": [Function],
      },
      Object {
        "instance": null,
        "key": "playerColumnRight",
        "nodeType": "class",
        "props": Object {
          "children": Array [
            <Player
              onGameOver={[Function]}
              player={
                Object {
                  "color": "#95b54c",
                  "id": 2,
                  "isGameOver": false,
                  "life": 40,
                  "name": "Player 3",
                }
              }
              size="small"
            />,
          ],
          "style": Object {
            "width": "50%",
          },
        },
        "ref": null,
        "rendered": Array [
          Object {
            "instance": null,
            "key": "player2",
            "nodeType": "class",
            "props": Object {
              "onGameOver": [Function],
              "player": Object {
                "color": "#95b54c",
                "id": 2,
                "isGameOver": false,
                "life": 40,
                "name": "Player 3",
              },
              "size": "small",
            },
            "ref": null,
            "rendered": null,
            "type": [Function],
          },
        ],
        "type": [Function],
      },
    ],
    "type": [Function],
  },
  Symbol(enzyme.__nodes__): Array [
    Object {
      "instance": null,
      "key": "round1",
      "nodeType": "class",
      "props": Object {
        "children": Array [
          <View
            style={
              Object {
                "width": "50%",
              }
            }
          >
            <Player
              onGameOver={[Function]}
              player={
                Object {
                  "color": "#57719e",
                  "id": 0,
                  "isGameOver": false,
                  "life": 40,
                  "name": "Player 1",
                }
              }
              size="small"
            />
            <Player
              onGameOver={[Function]}
              player={
                Object {
                  "color": "#d83f2d",
                  "id": 1,
                  "isGameOver": false,
                  "life": 40,
                  "name": "Player 2",
                }
              }
              size="small"
            />
          </View>,
          <View
            style={
              Object {
                "width": "50%",
              }
            }
          >
            <Player
              onGameOver={[Function]}
              player={
                Object {
                  "color": "#95b54c",
                  "id": 2,
                  "isGameOver": false,
                  "life": 40,
                  "name": "Player 3",
                }
              }
              size="small"
            />
          </View>,
        ],
        "style": Object {
          "backgroundColor": "#161616",
          "flex": 1,
          "flexDirection": "row",
        },
      },
      "ref": null,
      "rendered": Array [
        Object {
          "instance": null,
          "key": "playerColumnLeft",
          "nodeType": "class",
          "props": Object {
            "children": Array [
              <Player
                onGameOver={[Function]}
                player={
                  Object {
                    "color": "#57719e",
                    "id": 0,
                    "isGameOver": false,
                    "life": 40,
                    "name": "Player 1",
                  }
                }
                size="small"
              />,
              <Player
                onGameOver={[Function]}
                player={
                  Object {
                    "color": "#d83f2d",
                    "id": 1,
                    "isGameOver": false,
                    "life": 40,
                    "name": "Player 2",
                  }
                }
                size="small"
              />,
            ],
            "style": Object {
              "width": "50%",
            },
          },
          "ref": null,
          "rendered": Array [
            Object {
              "instance": null,
              "key": "player0",
              "nodeType": "class",
              "props": Object {
                "onGameOver": [Function],
                "player": Object {
                  "color": "#57719e",
                  "id": 0,
                  "isGameOver": false,
                  "life": 40,
                  "name": "Player 1",
                },
                "size": "small",
              },
              "ref": null,
              "rendered": null,
              "type": [Function],
            },
            Object {
              "instance": null,
              "key": "player1",
              "nodeType": "class",
              "props": Object {
                "onGameOver": [Function],
                "player": Object {
                  "color": "#d83f2d",
                  "id": 1,
                  "isGameOver": false,
                  "life": 40,
                  "name": "Player 2",
                },
                "size": "small",
              },
              "ref": null,
              "rendered": null,
              "type": [Function],
            },
          ],
          "type": [Function],
        },
        Object {
          "instance": null,
          "key": "playerColumnRight",
          "nodeType": "class",
          "props": Object {
            "children": Array [
              <Player
                onGameOver={[Function]}
                player={
                  Object {
                    "color": "#95b54c",
                    "id": 2,
                    "isGameOver": false,
                    "life": 40,
                    "name": "Player 3",
                  }
                }
                size="small"
              />,
            ],
            "style": Object {
              "width": "50%",
            },
          },
          "ref": null,
          "rendered": Array [
            Object {
              "instance": null,
              "key": "player2",
              "nodeType": "class",
              "props": Object {
                "onGameOver": [Function],
                "player": Object {
                  "color": "#95b54c",
                  "id": 2,
                  "isGameOver": false,
                  "life": 40,
                  "name": "Player 3",
                },
                "size": "small",
              },
              "ref": null,
              "rendered": null,
              "type": [Function],
            },
          ],
          "type": [Function],
        },
      ],
      "type": [Function],
    },
  ],
  Symbol(enzyme.__options__): Object {
    "adapter": ReactSixteenAdapter {
      "options": Object {
        "enableComponentDidUpdateOnSetState": true,
      },
    },
  },
}
`;
