// Jest Snapshot v1, https://goo.gl/fbAQLP

exports[`<GameSettings /> renders without crashing 1`] = `
ShallowWrapper {
  "length": 1,
  Symbol(enzyme.__root__): [Circular],
  Symbol(enzyme.__unrendered__): <GameSettings
    navigation={Object {}}
  />,
  Symbol(enzyme.__renderer__): Object {
    "batchedUpdates": [Function],
    "getNode": [Function],
    "render": [Function],
    "simulateEvent": [Function],
    "unmount": [Function],
  },
  Symbol(enzyme.__node__): Object {
    "instance": null,
    "key": undefined,
    "nodeType": "class",
    "props": Object {
      "children": Array [
        <Image
          source={
            Object {
              "testUri": "../../../js/screens/Game/bgicon.png",
            }
          }
          style={
            Array [
              Object {
                "bottom": 0,
                "left": 0,
                "position": "absolute",
                "right": 0,
                "top": 0,
              },
              Object {
                "height": 1334,
                "width": "100%",
              },
            ]
          }
        />,
        <Text
          accessible={true}
          allowFontScaling={true}
          ellipsizeMode="tail"
          style={
            Object {
              "alignSelf": "center",
              "color": "#b2b2b0",
              "fontSize": 25,
              "textAlign": "left",
              "width": "95%",
            }
          }
        >
          Players
        </Text>,
        <NumberSpinner
          max={6}
          min={1}
          onChange={[Function]}
          step={1}
          stepLarge={1}
          value={2}
        />,
        <Text
          accessible={true}
          allowFontScaling={true}
          ellipsizeMode="tail"
          style={
            Object {
              "alignSelf": "center",
              "color": "#b2b2b0",
              "fontSize": 25,
              "textAlign": "left",
              "width": "95%",
            }
          }
        >
          Lifepoints
        </Text>,
        <View
          style={
            Object {
              "alignItems": "center",
              "flex": 1,
              "flexDirection": "row",
              "height": "20%",
              "justifyContent": "space-around",
            }
          }
        >
          <Text
            accessible={true}
            allowFontScaling={true}
            ellipsizeMode="tail"
            onPress={[Function]}
            style={
              Array [
                Object {
                  "alignSelf": "baseline",
                  "backgroundColor": "#262626",
                  "color": "#b2b2b0",
                  "flex": 1,
                  "fontFamily": "cloisterblack",
                  "fontSize": 24,
                  "height": 50,
                  "textAlign": "center",
                  "textAlignVertical": "center",
                },
                Object {
                  "backgroundColor": "#710000",
                },
              ]
            }
          >
            20
          </Text>
          <Text
            accessible={true}
            allowFontScaling={true}
            ellipsizeMode="tail"
            onPress={[Function]}
            style={
              Array [
                Object {
                  "alignSelf": "baseline",
                  "backgroundColor": "#262626",
                  "color": "#b2b2b0",
                  "flex": 1,
                  "fontFamily": "cloisterblack",
                  "fontSize": 24,
                  "height": 50,
                  "textAlign": "center",
                  "textAlignVertical": "center",
                },
                null,
              ]
            }
          >
            30
          </Text>
          <Text
            accessible={true}
            allowFontScaling={true}
            ellipsizeMode="tail"
            onPress={[Function]}
            style={
              Array [
                Object {
                  "alignSelf": "baseline",
                  "backgroundColor": "#262626",
                  "color": "#b2b2b0",
                  "flex": 1,
                  "fontFamily": "cloisterblack",
                  "fontSize": 24,
                  "height": 50,
                  "textAlign": "center",
                  "textAlignVertical": "center",
                },
                null,
              ]
            }
          >
            40
          </Text>
        </View>,
        <Text
          accessible={true}
          allowFontScaling={true}
          ellipsizeMode="tail"
          onPress={[Function]}
          style={
            Array [
              Object {
                "alignSelf": "baseline",
                "backgroundColor": "#262626",
                "color": "#b2b2b0",
                "flex": 1,
                "fontFamily": "cloisterblack",
                "fontSize": 24,
                "height": 50,
                "textAlign": "center",
                "textAlignVertical": "center",
              },
              Object {
                "borderColor": "#161616",
                "borderWidth": 6,
                "fontSize": 36,
                "height": 40,
                "width": "100%",
              },
            ]
          }
        >
          Start game
        </Text>,
      ],
      "style": Object {
        "alignItems": "stretch",
        "backgroundColor": "#161616",
        "flex": 1,
        "flexDirection": "column",
        "justifyContent": "flex-end",
      },
    },
    "ref": null,
    "rendered": Array [
      Object {
        "instance": null,
        "key": undefined,
        "nodeType": "class",
        "props": Object {
          "source": Object {
            "testUri": "../../../js/screens/Game/bgicon.png",
          },
          "style": Array [
            Object {
              "bottom": 0,
              "left": 0,
              "position": "absolute",
              "right": 0,
              "top": 0,
            },
            Object {
              "height": 1334,
              "width": "100%",
            },
          ],
        },
        "ref": null,
        "rendered": null,
        "type": [Function],
      },
      Object {
        "instance": null,
        "key": undefined,
        "nodeType": "class",
        "props": Object {
          "accessible": true,
          "allowFontScaling": true,
          "children": "Players",
          "ellipsizeMode": "tail",
          "style": Object {
            "alignSelf": "center",
            "color": "#b2b2b0",
            "fontSize": 25,
            "textAlign": "left",
            "width": "95%",
          },
        },
        "ref": null,
        "rendered": "Players",
        "type": [Function],
      },
      Object {
        "instance": null,
        "key": undefined,
        "nodeType": "class",
        "props": Object {
          "max": 6,
          "min": 1,
          "onChange": [Function],
          "step": 1,
          "stepLarge": 1,
          "value": 2,
        },
        "ref": null,
        "rendered": null,
        "type": [Function],
      },
      Object {
        "instance": null,
        "key": undefined,
        "nodeType": "class",
        "props": Object {
          "accessible": true,
          "allowFontScaling": true,
          "children": "Lifepoints",
          "ellipsizeMode": "tail",
          "style": Object {
            "alignSelf": "center",
            "color": "#b2b2b0",
            "fontSize": 25,
            "textAlign": "left",
            "width": "95%",
          },
        },
        "ref": null,
        "rendered": "Lifepoints",
        "type": [Function],
      },
      Object {
        "instance": null,
        "key": undefined,
        "nodeType": "class",
        "props": Object {
          "children": Array [
            <Text
              accessible={true}
              allowFontScaling={true}
              ellipsizeMode="tail"
              onPress={[Function]}
              style={
                Array [
                  Object {
                    "alignSelf": "baseline",
                    "backgroundColor": "#262626",
                    "color": "#b2b2b0",
                    "flex": 1,
                    "fontFamily": "cloisterblack",
                    "fontSize": 24,
                    "height": 50,
                    "textAlign": "center",
                    "textAlignVertical": "center",
                  },
                  Object {
                    "backgroundColor": "#710000",
                  },
                ]
              }
            >
              20
            </Text>,
            <Text
              accessible={true}
              allowFontScaling={true}
              ellipsizeMode="tail"
              onPress={[Function]}
              style={
                Array [
                  Object {
                    "alignSelf": "baseline",
                    "backgroundColor": "#262626",
                    "color": "#b2b2b0",
                    "flex": 1,
                    "fontFamily": "cloisterblack",
                    "fontSize": 24,
                    "height": 50,
                    "textAlign": "center",
                    "textAlignVertical": "center",
                  },
                  null,
                ]
              }
            >
              30
            </Text>,
            <Text
              accessible={true}
              allowFontScaling={true}
              ellipsizeMode="tail"
              onPress={[Function]}
              style={
                Array [
                  Object {
                    "alignSelf": "baseline",
                    "backgroundColor": "#262626",
                    "color": "#b2b2b0",
                    "flex": 1,
                    "fontFamily": "cloisterblack",
                    "fontSize": 24,
                    "height": 50,
                    "textAlign": "center",
                    "textAlignVertical": "center",
                  },
                  null,
                ]
              }
            >
              40
            </Text>,
          ],
          "style": Object {
            "alignItems": "center",
            "flex": 1,
            "flexDirection": "row",
            "height": "20%",
            "justifyContent": "space-around",
          },
        },
        "ref": null,
        "rendered": Array [
          Object {
            "instance": null,
            "key": "buttonLifePoints20",
            "nodeType": "class",
            "props": Object {
              "accessible": true,
              "allowFontScaling": true,
              "children": 20,
              "ellipsizeMode": "tail",
              "onPress": [Function],
              "style": Array [
                Object {
                  "alignSelf": "baseline",
                  "backgroundColor": "#262626",
                  "color": "#b2b2b0",
                  "flex": 1,
                  "fontFamily": "cloisterblack",
                  "fontSize": 24,
                  "height": 50,
                  "textAlign": "center",
                  "textAlignVertical": "center",
                },
                Object {
                  "backgroundColor": "#710000",
                },
              ],
            },
            "ref": null,
            "rendered": 20,
            "type": [Function],
          },
          Object {
            "instance": null,
            "key": "buttonLifePoints30",
            "nodeType": "class",
            "props": Object {
              "accessible": true,
              "allowFontScaling": true,
              "children": 30,
              "ellipsizeMode": "tail",
              "onPress": [Function],
              "style": Array [
                Object {
                  "alignSelf": "baseline",
                  "backgroundColor": "#262626",
                  "color": "#b2b2b0",
                  "flex": 1,
                  "fontFamily": "cloisterblack",
                  "fontSize": 24,
                  "height": 50,
                  "textAlign": "center",
                  "textAlignVertical": "center",
                },
                null,
              ],
            },
            "ref": null,
            "rendered": 30,
            "type": [Function],
          },
          Object {
            "instance": null,
            "key": "buttonLifePoints40",
            "nodeType": "class",
            "props": Object {
              "accessible": true,
              "allowFontScaling": true,
              "children": 40,
              "ellipsizeMode": "tail",
              "onPress": [Function],
              "style": Array [
                Object {
                  "alignSelf": "baseline",
                  "backgroundColor": "#262626",
                  "color": "#b2b2b0",
                  "flex": 1,
                  "fontFamily": "cloisterblack",
                  "fontSize": 24,
                  "height": 50,
                  "textAlign": "center",
                  "textAlignVertical": "center",
                },
                null,
              ],
            },
            "ref": null,
            "rendered": 40,
            "type": [Function],
          },
        ],
        "type": [Function],
      },
      Object {
        "instance": null,
        "key": undefined,
        "nodeType": "class",
        "props": Object {
          "accessible": true,
          "allowFontScaling": true,
          "children": "Start game",
          "ellipsizeMode": "tail",
          "onPress": [Function],
          "style": Array [
            Object {
              "alignSelf": "baseline",
              "backgroundColor": "#262626",
              "color": "#b2b2b0",
              "flex": 1,
              "fontFamily": "cloisterblack",
              "fontSize": 24,
              "height": 50,
              "textAlign": "center",
              "textAlignVertical": "center",
            },
            Object {
              "borderColor": "#161616",
              "borderWidth": 6,
              "fontSize": 36,
              "height": 40,
              "width": "100%",
            },
          ],
        },
        "ref": null,
        "rendered": "Start game",
        "type": [Function],
      },
    ],
    "type": [Function],
  },
  Symbol(enzyme.__nodes__): Array [
    Object {
      "instance": null,
      "key": undefined,
      "nodeType": "class",
      "props": Object {
        "children": Array [
          <Image
            source={
              Object {
                "testUri": "../../../js/screens/Game/bgicon.png",
              }
            }
            style={
              Array [
                Object {
                  "bottom": 0,
                  "left": 0,
                  "position": "absolute",
                  "right": 0,
                  "top": 0,
                },
                Object {
                  "height": 1334,
                  "width": "100%",
                },
              ]
            }
          />,
          <Text
            accessible={true}
            allowFontScaling={true}
            ellipsizeMode="tail"
            style={
              Object {
                "alignSelf": "center",
                "color": "#b2b2b0",
                "fontSize": 25,
                "textAlign": "left",
                "width": "95%",
              }
            }
          >
            Players
          </Text>,
          <NumberSpinner
            max={6}
            min={1}
            onChange={[Function]}
            step={1}
            stepLarge={1}
            value={2}
          />,
          <Text
            accessible={true}
            allowFontScaling={true}
            ellipsizeMode="tail"
            style={
              Object {
                "alignSelf": "center",
                "color": "#b2b2b0",
                "fontSize": 25,
                "textAlign": "left",
                "width": "95%",
              }
            }
          >
            Lifepoints
          </Text>,
          <View
            style={
              Object {
                "alignItems": "center",
                "flex": 1,
                "flexDirection": "row",
                "height": "20%",
                "justifyContent": "space-around",
              }
            }
          >
            <Text
              accessible={true}
              allowFontScaling={true}
              ellipsizeMode="tail"
              onPress={[Function]}
              style={
                Array [
                  Object {
                    "alignSelf": "baseline",
                    "backgroundColor": "#262626",
                    "color": "#b2b2b0",
                    "flex": 1,
                    "fontFamily": "cloisterblack",
                    "fontSize": 24,
                    "height": 50,
                    "textAlign": "center",
                    "textAlignVertical": "center",
                  },
                  Object {
                    "backgroundColor": "#710000",
                  },
                ]
              }
            >
              20
            </Text>
            <Text
              accessible={true}
              allowFontScaling={true}
              ellipsizeMode="tail"
              onPress={[Function]}
              style={
                Array [
                  Object {
                    "alignSelf": "baseline",
                    "backgroundColor": "#262626",
                    "color": "#b2b2b0",
                    "flex": 1,
                    "fontFamily": "cloisterblack",
                    "fontSize": 24,
                    "height": 50,
                    "textAlign": "center",
                    "textAlignVertical": "center",
                  },
                  null,
                ]
              }
            >
              30
            </Text>
            <Text
              accessible={true}
              allowFontScaling={true}
              ellipsizeMode="tail"
              onPress={[Function]}
              style={
                Array [
                  Object {
                    "alignSelf": "baseline",
                    "backgroundColor": "#262626",
                    "color": "#b2b2b0",
                    "flex": 1,
                    "fontFamily": "cloisterblack",
                    "fontSize": 24,
                    "height": 50,
                    "textAlign": "center",
                    "textAlignVertical": "center",
                  },
                  null,
                ]
              }
            >
              40
            </Text>
          </View>,
          <Text
            accessible={true}
            allowFontScaling={true}
            ellipsizeMode="tail"
            onPress={[Function]}
            style={
              Array [
                Object {
                  "alignSelf": "baseline",
                  "backgroundColor": "#262626",
                  "color": "#b2b2b0",
                  "flex": 1,
                  "fontFamily": "cloisterblack",
                  "fontSize": 24,
                  "height": 50,
                  "textAlign": "center",
                  "textAlignVertical": "center",
                },
                Object {
                  "borderColor": "#161616",
                  "borderWidth": 6,
                  "fontSize": 36,
                  "height": 40,
                  "width": "100%",
                },
              ]
            }
          >
            Start game
          </Text>,
        ],
        "style": Object {
          "alignItems": "stretch",
          "backgroundColor": "#161616",
          "flex": 1,
          "flexDirection": "column",
          "justifyContent": "flex-end",
        },
      },
      "ref": null,
      "rendered": Array [
        Object {
          "instance": null,
          "key": undefined,
          "nodeType": "class",
          "props": Object {
            "source": Object {
              "testUri": "../../../js/screens/Game/bgicon.png",
            },
            "style": Array [
              Object {
                "bottom": 0,
                "left": 0,
                "position": "absolute",
                "right": 0,
                "top": 0,
              },
              Object {
                "height": 1334,
                "width": "100%",
              },
            ],
          },
          "ref": null,
          "rendered": null,
          "type": [Function],
        },
        Object {
          "instance": null,
          "key": undefined,
          "nodeType": "class",
          "props": Object {
            "accessible": true,
            "allowFontScaling": true,
            "children": "Players",
            "ellipsizeMode": "tail",
            "style": Object {
              "alignSelf": "center",
              "color": "#b2b2b0",
              "fontSize": 25,
              "textAlign": "left",
              "width": "95%",
            },
          },
          "ref": null,
          "rendered": "Players",
          "type": [Function],
        },
        Object {
          "instance": null,
          "key": undefined,
          "nodeType": "class",
          "props": Object {
            "max": 6,
            "min": 1,
            "onChange": [Function],
            "step": 1,
            "stepLarge": 1,
            "value": 2,
          },
          "ref": null,
          "rendered": null,
          "type": [Function],
        },
        Object {
          "instance": null,
          "key": undefined,
          "nodeType": "class",
          "props": Object {
            "accessible": true,
            "allowFontScaling": true,
            "children": "Lifepoints",
            "ellipsizeMode": "tail",
            "style": Object {
              "alignSelf": "center",
              "color": "#b2b2b0",
              "fontSize": 25,
              "textAlign": "left",
              "width": "95%",
            },
          },
          "ref": null,
          "rendered": "Lifepoints",
          "type": [Function],
        },
        Object {
          "instance": null,
          "key": undefined,
          "nodeType": "class",
          "props": Object {
            "children": Array [
              <Text
                accessible={true}
                allowFontScaling={true}
                ellipsizeMode="tail"
                onPress={[Function]}
                style={
                  Array [
                    Object {
                      "alignSelf": "baseline",
                      "backgroundColor": "#262626",
                      "color": "#b2b2b0",
                      "flex": 1,
                      "fontFamily": "cloisterblack",
                      "fontSize": 24,
                      "height": 50,
                      "textAlign": "center",
                      "textAlignVertical": "center",
                    },
                    Object {
                      "backgroundColor": "#710000",
                    },
                  ]
                }
              >
                20
              </Text>,
              <Text
                accessible={true}
                allowFontScaling={true}
                ellipsizeMode="tail"
                onPress={[Function]}
                style={
                  Array [
                    Object {
                      "alignSelf": "baseline",
                      "backgroundColor": "#262626",
                      "color": "#b2b2b0",
                      "flex": 1,
                      "fontFamily": "cloisterblack",
                      "fontSize": 24,
                      "height": 50,
                      "textAlign": "center",
                      "textAlignVertical": "center",
                    },
                    null,
                  ]
                }
              >
                30
              </Text>,
              <Text
                accessible={true}
                allowFontScaling={true}
                ellipsizeMode="tail"
                onPress={[Function]}
                style={
                  Array [
                    Object {
                      "alignSelf": "baseline",
                      "backgroundColor": "#262626",
                      "color": "#b2b2b0",
                      "flex": 1,
                      "fontFamily": "cloisterblack",
                      "fontSize": 24,
                      "height": 50,
                      "textAlign": "center",
                      "textAlignVertical": "center",
                    },
                    null,
                  ]
                }
              >
                40
              </Text>,
            ],
            "style": Object {
              "alignItems": "center",
              "flex": 1,
              "flexDirection": "row",
              "height": "20%",
              "justifyContent": "space-around",
            },
          },
          "ref": null,
          "rendered": Array [
            Object {
              "instance": null,
              "key": "buttonLifePoints20",
              "nodeType": "class",
              "props": Object {
                "accessible": true,
                "allowFontScaling": true,
                "children": 20,
                "ellipsizeMode": "tail",
                "onPress": [Function],
                "style": Array [
                  Object {
                    "alignSelf": "baseline",
                    "backgroundColor": "#262626",
                    "color": "#b2b2b0",
                    "flex": 1,
                    "fontFamily": "cloisterblack",
                    "fontSize": 24,
                    "height": 50,
                    "textAlign": "center",
                    "textAlignVertical": "center",
                  },
                  Object {
                    "backgroundColor": "#710000",
                  },
                ],
              },
              "ref": null,
              "rendered": 20,
              "type": [Function],
            },
            Object {
              "instance": null,
              "key": "buttonLifePoints30",
              "nodeType": "class",
              "props": Object {
                "accessible": true,
                "allowFontScaling": true,
                "children": 30,
                "ellipsizeMode": "tail",
                "onPress": [Function],
                "style": Array [
                  Object {
                    "alignSelf": "baseline",
                    "backgroundColor": "#262626",
                    "color": "#b2b2b0",
                    "flex": 1,
                    "fontFamily": "cloisterblack",
                    "fontSize": 24,
                    "height": 50,
                    "textAlign": "center",
                    "textAlignVertical": "center",
                  },
                  null,
                ],
              },
              "ref": null,
              "rendered": 30,
              "type": [Function],
            },
            Object {
              "instance": null,
              "key": "buttonLifePoints40",
              "nodeType": "class",
              "props": Object {
                "accessible": true,
                "allowFontScaling": true,
                "children": 40,
                "ellipsizeMode": "tail",
                "onPress": [Function],
                "style": Array [
                  Object {
                    "alignSelf": "baseline",
                    "backgroundColor": "#262626",
                    "color": "#b2b2b0",
                    "flex": 1,
                    "fontFamily": "cloisterblack",
                    "fontSize": 24,
                    "height": 50,
                    "textAlign": "center",
                    "textAlignVertical": "center",
                  },
                  null,
                ],
              },
              "ref": null,
              "rendered": 40,
              "type": [Function],
            },
          ],
          "type": [Function],
        },
        Object {
          "instance": null,
          "key": undefined,
          "nodeType": "class",
          "props": Object {
            "accessible": true,
            "allowFontScaling": true,
            "children": "Start game",
            "ellipsizeMode": "tail",
            "onPress": [Function],
            "style": Array [
              Object {
                "alignSelf": "baseline",
                "backgroundColor": "#262626",
                "color": "#b2b2b0",
                "flex": 1,
                "fontFamily": "cloisterblack",
                "fontSize": 24,
                "height": 50,
                "textAlign": "center",
                "textAlignVertical": "center",
              },
              Object {
                "borderColor": "#161616",
                "borderWidth": 6,
                "fontSize": 36,
                "height": 40,
                "width": "100%",
              },
            ],
          },
          "ref": null,
          "rendered": "Start game",
          "type": [Function],
        },
      ],
      "type": [Function],
    },
  ],
  Symbol(enzyme.__options__): Object {
    "adapter": ReactSixteenAdapter {
      "options": Object {
        "enableComponentDidUpdateOnSetState": true,
      },
    },
  },
}
`;
